SET client_min_messages = 'error';
CREATE EXTENSION IF NOT EXISTS pg_store_plans;
COPY (
  WITH plans(title, min_version, tag, lplan) AS (
    VALUES
      ('incremental sort', 130000, '"t":"C"', $${
        "Plan": {
          "Node Type": "Incremental Sort",
          "Async Capable": false,
          "Disabled": false,
          "Presorted Key": ["a"],
          "Sort Key": ["a", "b"],
          "Plans": [
            {
              "Node Type": "Seq Scan",
              "Relation Name": "t1",
              "Alias": "t1"
            }
          ]
        }
      }$$),
      ('memoize', 140000, '"t":"E"', $${
        "Plan": {
          "Node Type": "Memoize",
          "Async Capable": false,
          "Disabled": false,
          "Plans": [
            {
              "Node Type": "Index Scan",
              "Scan Direction": "Forward",
              "Index Name": "t1_a_idx",
              "Relation Name": "t1",
              "Alias": "t1"
            }
          ]
        }
      }$$),
      ('tid range scan', 140000, '"t":"D"', $${
        "Plan": {
          "Node Type": "Tid Range Scan",
          "Async Capable": false,
          "Disabled": false,
          "Relation Name": "t1",
          "Alias": "t1"
        }
      }$$)
  ),
  converted AS (
    SELECT title, min_version, tag, lplan, pg_store_plans_shorten(lplan) AS splan
    FROM plans
  )
  SELECT title,
         (splan LIKE '%' || tag || '%') =
           (current_setting('server_version_num')::int >= min_version)
           AS node_shortened_for_version,
         splan LIKE '%"ds":false%' AS disabled_shortened,
         pg_store_plans_jsonplan(splan)::jsonb = lplan::jsonb AS json_round_trip,
         pg_store_plans_textplan(splan) IS NOT NULL AS text_ok,
         pg_store_plans_yamlplan(splan) IS NOT NULL AS yaml_ok,
         pg_store_plans_xmlplan(splan) IS NOT NULL AS xml_ok
  FROM converted
  ORDER BY title
) TO STDOUT WITH CSV HEADER;
title,node_shortened_for_version,disabled_shortened,json_round_trip,text_ok,yaml_ok,xml_ok
incremental sort,t,t,t,t,t,t
memoize,t,t,t,t,t,t
tid range scan,t,t,t,t,t,t
COPY (
  WITH plans(title, lplan) AS (
    VALUES
      ('disabled true', $${
        "Plan": {
          "Node Type": "Seq Scan",
          "Disabled": true,
          "Relation Name": "t1",
          "Alias": "t1"
        }
      }$$),
      ('disabled false', $${
        "Plan": {
          "Node Type": "Seq Scan",
          "Disabled": false,
          "Relation Name": "t1",
          "Alias": "t1"
        }
      }$$)
  ),
  converted AS (
    SELECT title, pg_store_plans_textplan(pg_store_plans_shorten(lplan)) AS tplan
    FROM plans
  )
  SELECT title,
         CASE title
           WHEN 'disabled true' THEN tplan LIKE '%Disabled: true%'
           ELSE tplan NOT LIKE '%Disabled:%'
         END AS disabled_text_matches
  FROM converted
  ORDER BY title
) TO STDOUT WITH CSV HEADER;
title,disabled_text_matches
disabled false,t
disabled true,t
COPY (
  WITH normalized AS (
    SELECT pg_store_plans_normalize($${
      "Plan": {
        "Node Type": "Result",
        "Output": ["true", "false", "NULL", "LOCALTIME"]
      }
    }$$) AS plan
  )
  SELECT length(plan) - length(replace(plan, '?', '')) = 4 AND
         plan !~* '(true|false|null|localtime)' AS const_tokens_normalized
  FROM normalized
) TO STDOUT WITH CSV HEADER;
const_tokens_normalized
t
SELECT pg_store_plans_textplan(pg_store_plans_shorten($${
  "Plan": {
    "Node Type": "ModifyTable",
    "Relation Name": "t_missing_operation",
    "Alias": "t_missing_operation"
  }
}$$)) IS NOT NULL AS modify_without_operation_text_ok;
 modify_without_operation_text_ok 
----------------------------------
 t
(1 row)

